// Jest Snapshot v1, https://goo.gl/fbAQLP

exports[`modal actions should create correctly 1`] = `
Object {
  "error": false,
  "payload": undefined,
  "type": "RECORDS_CORE_CREATE_SUCCESS",
}
`;
